
type enum  = A | B | C | D
fun f (x) = x ? { | (A | B | C | D) => 1 }
fun f (x) = x ? { | (A | B | C | D) => 1 }
fun f (x) = x ? { | (A | B | C | D) => 1 }
fun f (x) = x ? { | (A & B & C & D) => 1 }
fun f (x) = x ? { | (A & B & C & D) => 1 }
fun f (x) = x ? { | (A & B & C & D) => 1 }
fun f (x) = x ? { | ((A | B) & y & (B | C) & _) => y }
fun f (x) = x ? { | (A | (B & y) | _) => 1 }
